Неправильно: Adjust build script for Windows Store ARM version.
в конце не надо ставить точку
Правильно: Adjust build script for Windows Store ARM version

Неправильно: Removed chats filters strip from forum layout.
Надо писать заголовок в повелительном наклонении, а здесь оно изъявительное
Правильно: Remove chats filters strip from forum layout.

Неправильно: Added ability to go to top of chats list by clicking on selected filter.
есть рекомендация не писать заголовок больше 50 символов, в неправильном коммите их 60, в правильном 44
Правильно: Add way to go to top of chats list by clicking on filter
